// Jest Snapshot v1, https://goo.gl/fbAQLP

exports[`<Skeleton /> Should take a snapshot of the Skeleton component 1`] = `
<View
  accessibilityLabel="Loading"
  accessibilityRole="none"
  accessibilityState={
    {
      "disabled": true,
    }
  }
  accessible={true}
  aria-disabled={true}
  aria-label="Loading"
  pointerEvents="none"
  style={
    [
      {
        "borderRadius": 0,
        "height": "auto",
        "overflow": "hidden",
        "width": "auto",
      },
      undefined,
    ]
  }
  testID="skeleton"
>
  <View
    pointerEvents="none"
    style={
      [
        {
          "backgroundColor": "rgba(229, 231, 235, 1)",
          "borderColor": "rgba(229, 231, 235, 1)",
          "borderWidth": 1,
        },
        {
          "bottom": 0,
          "left": 0,
          "position": "absolute",
          "right": 0,
          "top": 0,
        },
        {
          "borderRadius": 0,
          "height": "100%",
          "width": "100%",
          "zIndex": 9999,
        },
      ]
    }
    testID="animation"
  />
</View>
`;
