// Jest Snapshot v1, https://goo.gl/fbAQLP

exports[`<Skeleton.Root /> Should take a snapshot of the Skeleton.Root component 1`] = `
<View
  testID="root"
>
  <Text
    testID="activated"
  >
    true
  </Text>
  <Text
    testID="duration"
  >
    2000
  </Text>
  <Text
    testID="use-native-driver"
  >
    true
  </Text>
  <Text
    testID="easing"
  >
    function BezierEasing(x) {
    if (mX1 === mY1 && mX2 === mY2) {
      return x;
    }
    if (x === 0) {
      return 0;
    }
    if (x === 1) {
      return 1;
    }
    return calcBezier(getTForX(x), mY1, mY2);
  }
  </Text>
</View>
`;
